"../../../Engine/Plugins/VirtualProduction/VirtualScouting/Content/UI/Font/Runtime/Inter-Black.ufont" 0
"../../../Engine/Plugins/VirtualProduction/VirtualScouting/Content/UI/Font/Runtime/Inter-Bold.ufont" 1
"../../../Engine/Plugins/VirtualProduction/VirtualScouting/Content/UI/Font/Runtime/Inter-BoldItalic.ufont" 2
"../../../Engine/Plugins/VirtualProduction/VirtualScouting/Content/UI/Font/Runtime/Inter-ExtraBold.ufont" 3
"../../../Engine/Plugins/VirtualProduction/VirtualScouting/Content/UI/Font/Runtime/Inter-ExtraBoldItalic.ufont" 4
"../../../Engine/Plugins/VirtualProduction/VirtualScouting/Content/UI/Font/Runtime/Inter-ExtraLight.ufont" 5
"../../../Engine/Plugins/VirtualProduction/VirtualScouting/Content/UI/Font/Runtime/Inter-ExtraLightItalic.ufont" 6
"../../../Engine/Plugins/VirtualProduction/VirtualScouting/Content/UI/Font/Runtime/Inter-Italic.ufont" 7
"../../../Engine/Plugins/VirtualProduction/VirtualScouting/Content/UI/Font/Runtime/Inter-Light.ufont" 8
"../../../Engine/Plugins/VirtualProduction/VirtualScouting/Content/UI/Font/Runtime/Inter-LightItalic.ufont" 9
"../../../Engine/Plugins/VirtualProduction/VirtualScouting/Content/UI/Font/Runtime/Inter-Medium.ufont" 10
"../../../Engine/Plugins/VirtualProduction/VirtualScouting/Content/UI/Font/Runtime/Inter-MediumItalic.ufont" 11
"../../../Engine/Plugins/VirtualProduction/VirtualScouting/Content/UI/Font/Runtime/Inter-Regular.ufont" 12
"../../../Engine/Plugins/VirtualProduction/VirtualScouting/Content/UI/Font/Runtime/Inter-SemiBold.ufont" 13
"../../../Engine/Plugins/VirtualProduction/VirtualScouting/Content/UI/Font/Runtime/Inter-SemiBoldItalic.ufont" 14
"../../../Engine/Plugins/VirtualProduction/VirtualScouting/Content/UI/Font/Runtime/Inter-Thin.ufont" 15
"../../../Engine/Plugins/VirtualProduction/VirtualScouting/Content/UI/Font/Runtime/Inter-ThinItalic.ufont" 16
"../../../Engine/Content/EngineFonts/Faces/DroidSansFallback.ufont" 17
"../../../Engine/Content/EngineFonts/Faces/DroidSansMono.ufont" 18
"../../../Engine/Content/EngineFonts/Faces/RobotoBold.ufont" 19
"../../../Engine/Content/EngineFonts/Faces/RobotoBoldItalic.ufont" 20
"../../../Engine/Content/EngineFonts/Faces/RobotoItalic.ufont" 21
"../../../Engine/Content/EngineFonts/Faces/RobotoLight.ufont" 22
"../../../Engine/Content/EngineFonts/Faces/RobotoRegular.ufont" 23
